  蠕ｩ蜈・ｯｾ雎｡縺ｮ繝励Ο繧ｸ繧ｧ繧ｯ繝医ｒ豎ｺ螳壹＠縺ｦ縺・∪縺・..
X:\OpenGS\OpenGSCore\OpenGSCore.csproj : warning NU1701: 繝代ャ繧ｱ繝ｼ繧ｸ 'UniRx 5.4.1' 縺ｯ繝励Ο繧ｸ繧ｧ繧ｯ繝医・繧ｿ繝ｼ繧ｲ繝・ヨ 繝輔Ξ繝ｼ繝繝ｯ繝ｼ繧ｯ '.NETStandard,Version=v2.1' 縺ｧ縺ｯ縺ｪ縺・'.NETFramework,Version=v4.6.1, .NETFramework,Version=v4.6.2, .NETFramework,Version=v4.7, .NETFramework,Version=v4.7.1, .NETFramework,Version=v4.7.2, .NETFramework,Version=v4.8, .NETFramework,Version=v4.8.1' 繧剃ｽｿ逕ｨ縺励※蠕ｩ蜈・＆繧後∪縺励◆縲ゅ％縺ｮ繝代ャ繧ｱ繝ｼ繧ｸ縺ｯ縲∽ｽｿ逕ｨ縺励※縺・ｋ繝励Ο繧ｸ繧ｧ繧ｯ繝医→縺ｮ螳悟・縺ｪ莠呈鋤諤ｧ縺後↑縺・庄閭ｽ諤ｧ縺後≠繧翫∪縺吶・[X:\OpenGS\OpenGSServer\OpenGSServer.sln]
X:\OpenGS\OpenGSServer\OpenGSServer.csproj : warning NU1701: 繝代ャ繧ｱ繝ｼ繧ｸ 'System.CommandLine.Parser 0.1.1' 縺ｯ繝励Ο繧ｸ繧ｧ繧ｯ繝医・繧ｿ繝ｼ繧ｲ繝・ヨ 繝輔Ξ繝ｼ繝繝ｯ繝ｼ繧ｯ 'net10.0-windows7.0' 縺ｧ縺ｯ縺ｪ縺・'.NETFramework,Version=v4.6.1, .NETFramework,Version=v4.6.2, .NETFramework,Version=v4.7, .NETFramework,Version=v4.7.1, .NETFramework,Version=v4.7.2, .NETFramework,Version=v4.8, .NETFramework,Version=v4.8.1' 繧剃ｽｿ逕ｨ縺励※蠕ｩ蜈・＆繧後∪縺励◆縲ゅ％縺ｮ繝代ャ繧ｱ繝ｼ繧ｸ縺ｯ縲∽ｽｿ逕ｨ縺励※縺・ｋ繝励Ο繧ｸ繧ｧ繧ｯ繝医→縺ｮ螳悟・縺ｪ莠呈鋤諤ｧ縺後↑縺・庄閭ｽ諤ｧ縺後≠繧翫∪縺吶・[X:\OpenGS\OpenGSServer\OpenGSServer.sln]
X:\OpenGS\OpenGSServer\OpenGSServer.csproj : warning NU1701: 繝代ャ繧ｱ繝ｼ繧ｸ 'UniRx 5.4.1' 縺ｯ繝励Ο繧ｸ繧ｧ繧ｯ繝医・繧ｿ繝ｼ繧ｲ繝・ヨ 繝輔Ξ繝ｼ繝繝ｯ繝ｼ繧ｯ 'net10.0-windows7.0' 縺ｧ縺ｯ縺ｪ縺・'.NETFramework,Version=v4.6.1, .NETFramework,Version=v4.6.2, .NETFramework,Version=v4.7, .NETFramework,Version=v4.7.1, .NETFramework,Version=v4.7.2, .NETFramework,Version=v4.8, .NETFramework,Version=v4.8.1' 繧剃ｽｿ逕ｨ縺励※蠕ｩ蜈・＆繧後∪縺励◆縲ゅ％縺ｮ繝代ャ繧ｱ繝ｼ繧ｸ縺ｯ縲∽ｽｿ逕ｨ縺励※縺・ｋ繝励Ο繧ｸ繧ｧ繧ｯ繝医→縺ｮ螳悟・縺ｪ莠呈鋤諤ｧ縺後↑縺・庄閭ｽ諤ｧ縺後≠繧翫∪縺吶・[X:\OpenGS\OpenGSServer\OpenGSServer.sln]
  蠕ｩ蜈・ｯｾ雎｡縺ｮ縺吶∋縺ｦ縺ｮ繝励Ο繧ｸ繧ｧ繧ｯ繝医・譛譁ｰ縺ｧ縺吶・
  OpenGSCore -> X:\Unity\Project\OpenGS\Assets\Plugins\OpenGSCore.dll
X:\OpenGS\OpenGSServer\Manager\AccountManager.cs(116,48): error CS1061: 'PlayerAccount' 縺ｫ 'AccountID' 縺ｮ螳夂ｾｩ縺悟性縺ｾ繧後※縺翫ｉ縺壹∝梛 'PlayerAccount' 縺ｮ譛蛻昴・蠑墓焚繧貞女縺台ｻ倥￠繧九い繧ｯ繧ｻ繧ｹ蜿ｯ閭ｽ縺ｪ諡｡蠑ｵ繝｡繧ｽ繝・ラ 'AccountID' 縺瑚ｦ九▽縺九ｊ縺ｾ縺帙ｓ縺ｧ縺励◆縲Ｖsing 繝・ぅ繝ｬ繧ｯ繝・ぅ繝悶∪縺溘・繧｢繧ｻ繝ｳ繝悶Μ蜿ら・縺御ｸ崎ｶｳ縺励※縺・↑縺・％縺ｨ繧堤｢ｺ隱阪＠縺ｦ縺上□縺輔＞ [X:\OpenGS\OpenGSServer\OpenGSServer.csproj]
X:\OpenGS\OpenGSServer\Manager\AccountManager.cs(209,53): error CS0117: 'CreateNewAccountResult' 縺ｫ 'Success' 縺ｮ螳夂ｾｩ縺後≠繧翫∪縺帙ｓ [X:\OpenGS\OpenGSServer\OpenGSServer.csproj]
X:\OpenGS\OpenGSServer\Manager\AccountManager.cs(214,53): error CS0117: 'CreateNewAccountResult' 縺ｫ 'Success' 縺ｮ螳夂ｾｩ縺後≠繧翫∪縺帙ｓ [X:\OpenGS\OpenGSServer\OpenGSServer.csproj]
X:\OpenGS\OpenGSServer\Server\Event\AccountEventHandler.cs(224,64): error CS1503: 蠑墓焚 2: 縺ｯ 'string' 縺九ｉ 'bool' 縺ｸ螟画鋤縺吶ｋ縺薙→縺ｯ縺ｧ縺阪∪縺帙ｓ [X:\OpenGS\OpenGSServer\OpenGSServer.csproj]
X:\OpenGS\OpenGSServer\Server\Event\AccountEventHandler.cs(227,48): error CS1503: 蠑墓焚 1: 縺ｯ 'bool' 縺九ｉ 'Newtonsoft.Json.Linq.JObject' 縺ｸ螟画鋤縺吶ｋ縺薙→縺ｯ縺ｧ縺阪∪縺帙ｓ [X:\OpenGS\OpenGSServer\OpenGSServer.csproj]

繝薙Ν繝峨↓螟ｱ謨励＠縺ｾ縺励◆縲・

X:\OpenGS\OpenGSCore\OpenGSCore.csproj : warning NU1701: 繝代ャ繧ｱ繝ｼ繧ｸ 'UniRx 5.4.1' 縺ｯ繝励Ο繧ｸ繧ｧ繧ｯ繝医・繧ｿ繝ｼ繧ｲ繝・ヨ 繝輔Ξ繝ｼ繝繝ｯ繝ｼ繧ｯ '.NETStandard,Version=v2.1' 縺ｧ縺ｯ縺ｪ縺・'.NETFramework,Version=v4.6.1, .NETFramework,Version=v4.6.2, .NETFramework,Version=v4.7, .NETFramework,Version=v4.7.1, .NETFramework,Version=v4.7.2, .NETFramework,Version=v4.8, .NETFramework,Version=v4.8.1' 繧剃ｽｿ逕ｨ縺励※蠕ｩ蜈・＆繧後∪縺励◆縲ゅ％縺ｮ繝代ャ繧ｱ繝ｼ繧ｸ縺ｯ縲∽ｽｿ逕ｨ縺励※縺・ｋ繝励Ο繧ｸ繧ｧ繧ｯ繝医→縺ｮ螳悟・縺ｪ莠呈鋤諤ｧ縺後↑縺・庄閭ｽ諤ｧ縺後≠繧翫∪縺吶・[X:\OpenGS\OpenGSServer\OpenGSServer.sln]
X:\OpenGS\OpenGSServer\OpenGSServer.csproj : warning NU1701: 繝代ャ繧ｱ繝ｼ繧ｸ 'System.CommandLine.Parser 0.1.1' 縺ｯ繝励Ο繧ｸ繧ｧ繧ｯ繝医・繧ｿ繝ｼ繧ｲ繝・ヨ 繝輔Ξ繝ｼ繝繝ｯ繝ｼ繧ｯ 'net10.0-windows7.0' 縺ｧ縺ｯ縺ｪ縺・'.NETFramework,Version=v4.6.1, .NETFramework,Version=v4.6.2, .NETFramework,Version=v4.7, .NETFramework,Version=v4.7.1, .NETFramework,Version=v4.7.2, .NETFramework,Version=v4.8, .NETFramework,Version=v4.8.1' 繧剃ｽｿ逕ｨ縺励※蠕ｩ蜈・＆繧後∪縺励◆縲ゅ％縺ｮ繝代ャ繧ｱ繝ｼ繧ｸ縺ｯ縲∽ｽｿ逕ｨ縺励※縺・ｋ繝励Ο繧ｸ繧ｧ繧ｯ繝医→縺ｮ螳悟・縺ｪ莠呈鋤諤ｧ縺後↑縺・庄閭ｽ諤ｧ縺後≠繧翫∪縺吶・[X:\OpenGS\OpenGSServer\OpenGSServer.sln]
X:\OpenGS\OpenGSServer\OpenGSServer.csproj : warning NU1701: 繝代ャ繧ｱ繝ｼ繧ｸ 'UniRx 5.4.1' 縺ｯ繝励Ο繧ｸ繧ｧ繧ｯ繝医・繧ｿ繝ｼ繧ｲ繝・ヨ 繝輔Ξ繝ｼ繝繝ｯ繝ｼ繧ｯ 'net10.0-windows7.0' 縺ｧ縺ｯ縺ｪ縺・'.NETFramework,Version=v4.6.1, .NETFramework,Version=v4.6.2, .NETFramework,Version=v4.7, .NETFramework,Version=v4.7.1, .NETFramework,Version=v4.7.2, .NETFramework,Version=v4.8, .NETFramework,Version=v4.8.1' 繧剃ｽｿ逕ｨ縺励※蠕ｩ蜈・＆繧後∪縺励◆縲ゅ％縺ｮ繝代ャ繧ｱ繝ｼ繧ｸ縺ｯ縲∽ｽｿ逕ｨ縺励※縺・ｋ繝励Ο繧ｸ繧ｧ繧ｯ繝医→縺ｮ螳悟・縺ｪ莠呈鋤諤ｧ縺後↑縺・庄閭ｽ諤ｧ縺後≠繧翫∪縺吶・[X:\OpenGS\OpenGSServer\OpenGSServer.sln]
X:\OpenGS\OpenGSServer\Manager\AccountManager.cs(116,48): error CS1061: 'PlayerAccount' 縺ｫ 'AccountID' 縺ｮ螳夂ｾｩ縺悟性縺ｾ繧後※縺翫ｉ縺壹∝梛 'PlayerAccount' 縺ｮ譛蛻昴・蠑墓焚繧貞女縺台ｻ倥￠繧九い繧ｯ繧ｻ繧ｹ蜿ｯ閭ｽ縺ｪ諡｡蠑ｵ繝｡繧ｽ繝・ラ 'AccountID' 縺瑚ｦ九▽縺九ｊ縺ｾ縺帙ｓ縺ｧ縺励◆縲Ｖsing 繝・ぅ繝ｬ繧ｯ繝・ぅ繝悶∪縺溘・繧｢繧ｻ繝ｳ繝悶Μ蜿ら・縺御ｸ崎ｶｳ縺励※縺・↑縺・％縺ｨ繧堤｢ｺ隱阪＠縺ｦ縺上□縺輔＞ [X:\OpenGS\OpenGSServer\OpenGSServer.csproj]
X:\OpenGS\OpenGSServer\Manager\AccountManager.cs(209,53): error CS0117: 'CreateNewAccountResult' 縺ｫ 'Success' 縺ｮ螳夂ｾｩ縺後≠繧翫∪縺帙ｓ [X:\OpenGS\OpenGSServer\OpenGSServer.csproj]
X:\OpenGS\OpenGSServer\Manager\AccountManager.cs(214,53): error CS0117: 'CreateNewAccountResult' 縺ｫ 'Success' 縺ｮ螳夂ｾｩ縺後≠繧翫∪縺帙ｓ [X:\OpenGS\OpenGSServer\OpenGSServer.csproj]
X:\OpenGS\OpenGSServer\Server\Event\AccountEventHandler.cs(224,64): error CS1503: 蠑墓焚 2: 縺ｯ 'string' 縺九ｉ 'bool' 縺ｸ螟画鋤縺吶ｋ縺薙→縺ｯ縺ｧ縺阪∪縺帙ｓ [X:\OpenGS\OpenGSServer\OpenGSServer.csproj]
X:\OpenGS\OpenGSServer\Server\Event\AccountEventHandler.cs(227,48): error CS1503: 蠑墓焚 1: 縺ｯ 'bool' 縺九ｉ 'Newtonsoft.Json.Linq.JObject' 縺ｸ螟画鋤縺吶ｋ縺薙→縺ｯ縺ｧ縺阪∪縺帙ｓ [X:\OpenGS\OpenGSServer\OpenGSServer.csproj]
    3 蛟九・隴ｦ蜻・
    5 繧ｨ繝ｩ繝ｼ

邨碁℃譎る俣 00:00:02.00
